2025-08-18 20:25:00 | WARN | repo=pv243 | action=commit
2025-09-02 15:27:00 | DEBUG | repo=pv243 | action=edit | files=5
2025-10-19 07:01:00 | WARN | repo=pv243 | action=commit
2025-02-18 15:09:00 | INFO | repo=pv243 | action=commit
2025-10-20 15:47:00 | INFO | repo=pv243 | action=commit
2025-11-15 19:24:00 | WARN | repo=pv243 | action=test | passed=true
2025-06-25 13:53:00 | WARN | repo=pv243 | action=edit | files=4
2025-10-22 15:26:00 | INFO | repo=pv243 | action=pull
2025-07-26 14:31:00 | INFO | repo=pv243 | action=commit
2025-08-06 14:49:00 | WARN | repo=pv243 | action=commit
2025-09-25 10:47:00 | INFO | repo=pv243 | action=commit
2025-06-25 10:54:00 | INFO | repo=pv243 | action=commit
2025-08-22 21:53:00 | DEBUG | repo=pv243 | action=test | passed=true
2025-12-11 16:24:00 | WARN | repo=pv243 | action=commit
2025-05-27 07:04:00 | WARN | repo=pv243 | action=commit
2025-10-27 07:11:00 | WARN | repo=pv243 | action=commit
2025-01-24 08:13:00 | INFO | repo=pv243 | action=commit
2025-11-14 15:07:00 | INFO | repo=pv243 | action=commit
2025-07-08 20:48:00 | INFO | repo=pv243 | action=commit
2025-10-24 07:12:00 | DEBUG | repo=pv243 | action=commit
2025-08-22 08:00:00 | WARN | repo=pv243 | action=commit
2025-08-23 21:12:00 | INFO | repo=pv243 | action=commit
2025-06-23 13:43:00 | INFO | repo=pv243 | action=commit
2025-03-23 21:07:00 | DEBUG | repo=pv243 | action=commit
2025-11-03 13:51:00 | WARN | repo=pv243 | action=commit
2025-02-11 19:41:00 | DEBUG | repo=pv243 | action=commit
2025-01-12 18:58:00 | INFO | repo=pv243 | action=commit
2025-09-06 10:06:00 | WARN | repo=pv243 | action=commit
2025-01-15 07:16:00 | INFO | repo=pv243 | action=commit
2025-04-17 15:16:00 | INFO | repo=pv243 | action=commit
2025-10-19 21:05:00 | INFO | repo=pv243 | action=commit
2025-06-28 19:57:00 | INFO | repo=pv243 | action=commit
2025-10-18 11:34:00 | INFO | repo=pv243 | action=commit
2025-03-19 07:18:00 | DEBUG | repo=pv243 | action=commit
2025-08-03 12:04:00 | WARN | repo=pv243 | action=test | passed=true
2025-02-16 11:44:00 | WARN | repo=pv243 | action=commit
2025-06-03 21:38:00 | INFO | repo=pv243 | action=commit
2025-04-21 19:51:00 | DEBUG | repo=pv243 | action=commit
2025-10-08 19:35:00 | INFO | repo=pv243 | action=commit
2025-06-11 16:18:00 | WARN | repo=pv243 | action=commit
2025-05-25 07:02:00 | WARN | repo=pv243 | action=commit
2025-05-19 07:43:00 | INFO | repo=pv243 | action=commit
2025-04-25 13:36:00 | INFO | repo=pv243 | action=commit
2025-12-05 14:52:00 | INFO | repo=pv243 | action=commit
2025-12-18 08:27:00 | INFO | repo=pv243 | action=commit
2025-01-25 07:01:00 | WARN | repo=pv243 | action=commit
2025-11-03 13:31:00 | DEBUG | repo=pv243 | action=edit | files=1
2025-01-27 21:25:00 | WARN | repo=pv243 | action=commit
2025-03-09 13:47:00 | DEBUG | repo=pv243 | action=commit
2025-10-02 09:01:00 | WARN | repo=pv243 | action=commit
2025-07-04 21:32:00 | INFO | repo=pv243 | action=commit
2025-06-27 21:48:00 | INFO | repo=pv243 | action=commit
2025-10-28 08:21:00 | DEBUG | repo=pv243 | action=commit
2025-12-07 16:03:00 | WARN | repo=pv243 | action=commit
2025-12-10 15:29:00 | DEBUG | repo=pv243 | action=commit
2025-08-21 08:18:00 | WARN | repo=pv243 | action=commit
2025-12-04 08:50:00 | WARN | repo=pv243 | action=pull
2025-03-12 21:45:00 | WARN | repo=pv243 | action=commit
2025-10-12 18:47:00 | INFO | repo=pv243 | action=commit
2025-09-05 17:30:00 | DEBUG | repo=pv243 | action=commit
2025-03-23 17:52:00 | DEBUG | repo=pv243 | action=commit
2025-05-12 10:48:00 | DEBUG | repo=pv243 | action=commit
2025-02-17 13:46:00 | WARN | repo=pv243 | action=commit
2025-11-26 11:28:00 | DEBUG | repo=pv243 | action=commit
2025-05-12 07:58:00 | INFO | repo=pv243 | action=commit
2025-11-02 07:43:00 | INFO | repo=pv243 | action=commit
2025-09-27 20:54:00 | DEBUG | repo=pv243 | action=commit
2025-01-10 19:43:00 | WARN | repo=pv243 | action=commit
2025-12-16 19:17:00 | DEBUG | repo=pv243 | action=commit
2025-04-27 08:32:00 | DEBUG | repo=pv243 | action=edit | files=1
2025-08-20 10:37:00 | INFO | repo=pv243 | action=commit
2025-11-15 15:41:00 | INFO | repo=pv243 | action=pull
2025-10-15 09:01:00 | DEBUG | repo=pv243 | action=commit
2025-06-18 07:17:00 | INFO | repo=pv243 | action=commit
2025-09-22 21:28:00 | WARN | repo=pv243 | action=edit | files=2
2025-01-23 11:16:00 | DEBUG | repo=pv243 | action=edit | files=4
2025-06-15 14:04:00 | WARN | repo=pv243 | action=pull
2025-12-27 20:00:00 | WARN | repo=pv243 | action=commit
2025-11-07 08:12:00 | WARN | repo=pv243 | action=commit
2025-02-12 17:32:00 | WARN | repo=pv243 | action=commit
2025-08-27 10:19:00 | DEBUG | repo=pv243 | action=edit | files=5
2025-07-18 10:49:00 | WARN | repo=pv243 | action=commit
2025-05-02 09:48:00 | DEBUG | repo=pv243 | action=commit
2025-05-02 11:20:00 | INFO | repo=pv243 | action=commit
2025-04-16 21:49:00 | WARN | repo=pv243 | action=pull
2025-12-03 09:05:00 | DEBUG | repo=pv243 | action=commit
2025-10-04 15:44:00 | WARN | repo=pv243 | action=test | passed=true
2025-10-21 19:51:00 | INFO | repo=pv243 | action=commit
2025-05-11 11:15:00 | INFO | repo=pv243 | action=commit
2025-07-12 08:13:00 | INFO | repo=pv243 | action=commit
2025-09-17 17:25:00 | WARN | repo=pv243 | action=commit
2025-09-01 20:10:00 | DEBUG | repo=pv243 | action=commit
